---
source: src/all_favorites/mod.rs
expression: given_data
---
AllFavorites(
    [
        FavoriteFolderPath {
            name: NonEmptyText(
                "studium",
            ),
            location: NonEmptyText(
                "/home/some_user/Documents/Studium",
            ),
        },
        FavoriteFolderPath {
            name: NonEmptyText(
                "dev_rust",
            ),
            location: NonEmptyText(
                "/home/some_user/Code/rust",
            ),
        },
        FavoriteFolderPath {
            name: NonEmptyText(
                "proc_macro",
            ),
            location: NonEmptyText(
                "/home/some_user/Code/rust/proc-macro-workshop",
            ),
        },
        FavoriteFolderPath {
            name: NonEmptyText(
                "new_added",
            ),
            location: NonEmptyText(
                "~/some_data",
            ),
        },
    ],
)
